============================================================
  Generated by:           Genus(TM) Synthesis Solution 21.14-s082_1
  Generated on:           Sep 27 2026  01:06:18 pm
  Module:                 decoder_2to4_top
  Operating conditions:   slow (balanced_tree)
  Wireload mode:          enclosed
  Area mode:              timing library
============================================================

    Instance            Module        Cell Count  Cell Area  Net Area   Total Area   Wireload  
-----------------------------------------------------------------------------------------------
decoder_2to4_top                              10    119.750     0.000      119.750 <none> (D)  
  DECODER_TOP    decoder_2to4_enable          10    119.750     0.000      119.750 <none> (D)  
    DECODER      decoder_2to4                  6     66.528     0.000       66.528 <none> (D)  
      AND0       and_gate                      1     13.306     0.000       13.306 <none> (D)  
      AND1       and_gate_14                   1     13.306     0.000       13.306 <none> (D)  
      AND2       and_gate_13                   1     13.306     0.000       13.306 <none> (D)  
      AND3       and_gate_12                   1     13.306     0.000       13.306 <none> (D)  
    E0           enable_logic                  1     13.306     0.000       13.306 <none> (D)  
      AND_EN     and_gate_11                   1     13.306     0.000       13.306 <none> (D)  
    E1           enable_logic_17               1     13.306     0.000       13.306 <none> (D)  
      AND_EN     and_gate_10                   1     13.306     0.000       13.306 <none> (D)  
    E2           enable_logic_16               1     13.306     0.000       13.306 <none> (D)  
      AND_EN     and_gate_9                    1     13.306     0.000       13.306 <none> (D)  
    E3           enable_logic_15               1     13.306     0.000       13.306 <none> (D)  
      AND_EN     and_gate_8                    1     13.306     0.000       13.306 <none> (D)  
  (D) = wireload is default in technology library
