============================================================
  Generated by:           Genus(TM) Synthesis Solution 21.14-s082_1
  Generated on:           Sep 27 2026  01:06:18 pm
  Module:                 decoder_2to4_top
  Operating conditions:   slow (balanced_tree)
  Wireload mode:          enclosed
  Area mode:              timing library
============================================================

                           
 Gate   Instances   Area    Library  
-------------------------------------
AND2X1          8  106.445    tsmc18 
INVXL           2   13.306    tsmc18 
-------------------------------------
total          10  119.750           


                                        
     Type      Instances   Area  Area % 
----------------------------------------
inverter               2  13.306   11.1 
logic                  8 106.445   88.9 
physical_cells         0   0.000    0.0 
----------------------------------------
total                 10 119.750  100.0 

