============================================================
  Generated by:           Genus(TM) Synthesis Solution 21.14-s082_1
  Generated on:           Sep 27 2026  11:54:38 am
  Module:                 mux_4to1_gate_top
  Operating conditions:   slow (balanced_tree)
  Wireload mode:          enclosed
  Area mode:              timing library
============================================================

     Instance          Module       Cell Count  Cell Area  Net Area   Total Area   Wireload  
---------------------------------------------------------------------------------------------
mux_4to1_gate_top                           12    139.709     0.000      139.709 <none> (D)  
  MUX0            mux_2to1_gate              4     46.570     0.000       46.570 <none> (D)  
    A1            and_gate                   1     13.306     0.000       13.306 <none> (D)  
    A2            and_gate_10                1     13.306     0.000       13.306 <none> (D)  
    O1            or_gate                    1     13.306     0.000       13.306 <none> (D)  
  MUX1            mux_2to1_gate_12           4     46.570     0.000       46.570 <none> (D)  
    A1            and_gate_9                 1     13.306     0.000       13.306 <none> (D)  
    A2            and_gate_8                 1     13.306     0.000       13.306 <none> (D)  
    O1            or_gate_14                 1     13.306     0.000       13.306 <none> (D)  
  MUX2            mux_2to1_gate_11           4     46.570     0.000       46.570 <none> (D)  
    A1            and_gate_7                 1     13.306     0.000       13.306 <none> (D)  
    A2            and_gate_6                 1     13.306     0.000       13.306 <none> (D)  
    O1            or_gate_13                 1     13.306     0.000       13.306 <none> (D)  
  (D) = wireload is default in technology library
