============================================================
  Generated by:           Genus(TM) Synthesis Solution 21.14-s082_1
  Generated on:           Sep 27 2026  11:54:38 am
  Module:                 mux_4to1_gate_top
  Operating conditions:   slow (balanced_tree)
  Wireload mode:          enclosed
  Area mode:              timing library
============================================================

                           
 Gate   Instances   Area    Library  
-------------------------------------
AND2X1          6   79.834    tsmc18 
INVXL           3   19.958    tsmc18 
OR2X1           2   26.611    tsmc18 
OR2XL           1   13.306    tsmc18 
-------------------------------------
total          12  139.709           


                                        
     Type      Instances   Area  Area % 
----------------------------------------
inverter               3  19.958   14.3 
logic                  9 119.750   85.7 
physical_cells         0   0.000    0.0 
----------------------------------------
total                 12 139.709  100.0 

