============================================================
  Generated by:           Genus(TM) Synthesis Solution 21.14-s082_1
  Generated on:           Sep 27 2026  01:06:18 pm
  Module:                 decoder_2to4_top
  Operating conditions:   slow (balanced_tree)
  Wireload mode:          enclosed
  Area mode:              timing library
============================================================

 
  Hierarchy Report Format : 
 
    level instance ( module ) <status>
 
    status :    preserve_<value> -- indicating preserve hierachy or inherited_preserve value
           :    blackbox --  indicating  unresolved instance
 
==================================================================

 0 decoder_2to4_top
  1 DECODER_TOP ( decoder_2to4_enable ) 
     2 DECODER ( decoder_2to4 ) 
        3 AND0 ( and_gate ) 
        3 AND1 ( and_gate_14 ) 
        3 AND2 ( and_gate_13 ) 
        3 AND3 ( and_gate_12 ) 
     2 E0 ( enable_logic ) 
        3 AND_EN ( and_gate_11 ) 
     2 E1 ( enable_logic_17 ) 
        3 AND_EN ( and_gate_10 ) 
     2 E2 ( enable_logic_16 ) 
        3 AND_EN ( and_gate_9 ) 
     2 E3 ( enable_logic_15 ) 
        3 AND_EN ( and_gate_8 ) 
