============================================================
  Generated by:           Genus(TM) Synthesis Solution 21.14-s082_1
  Generated on:           Sep 27 2026  11:54:38 am
  Module:                 mux_4to1_gate_top
  Operating conditions:   slow (balanced_tree)
  Wireload mode:          enclosed
  Area mode:              timing library
============================================================


Path 1: UNCONSTRAINED
     Startpoint: (F) S0
       Endpoint: (F) Y

                   Capture    Launch  
      Drv Adjust:+       0         0  
                                      
       Data Path:-     835            

#--------------------------------------------------------------------------------------------
#    Timing Point     Flags   Arc   Edge   Cell     Fanout Load Trans Delay Arrival Instance 
#                                                          (fF)  (ps)  (ps)   (ps)  Location 
#--------------------------------------------------------------------------------------------
  S0                  -       -     F     (arrival)      4  9.2     0     0       0    (-,-) 
  MUX1/A2/g11__8428/Y -       B->Y  F     AND2X1         1  2.6    75   188     188    (-,-) 
  MUX1/O1/g2__5526/Y  -       B->Y  F     OR2X1          1  1.9    77   244     432    (-,-) 
  MUX2/A2/g11__3680/Y -       A->Y  F     AND2X1         1  2.6    75   189     621    (-,-) 
  MUX2/O1/g2__1617/Y  -       B->Y  F     OR2XL          1  0.0    60   214     835    (-,-) 
  Y                   -       -     F     (port)         -    -     -     0     835    (-,-) 
#--------------------------------------------------------------------------------------------

